// Jest Snapshot v1, https://goo.gl/fbAQLP

exports[`Pruebas en <SearchScreen /> debe de mostrar a Batman y el input con el valor del queryString 1`] = `
<div>
  <h1>
    Search Screen
  </h1>
  <hr />
  <div
    className="row"
  >
    <div
      className="col-5"
    >
      <h4>
        Search Form
      </h4>
      <hr />
      <form
        onSubmit={[Function]}
      >
        <input
          autoComplete="off"
          className="form-control"
          name="searchText"
          onChange={[Function]}
          placeholder="Find Your Hero"
          type="text"
          value="batman"
        />
        <button
          className="btn m-1 btn-block btn-outline-primary"
          type="submit"
        >
           Search...
        </button>
      </form>
    </div>
    <div
      className="col-7"
    >
      <h4>
        Results
      </h4>
      <hr />
      <a
        href="/hero/dc-batman"
        onClick={[Function]}
      >
        <div
          className="my-card"
        >
          <img
            alt="Batman"
            className="img img-responsive"
            src="./assets/heroes/dc-batman.jpg"
          />
          <div
            className=""
          >
            <h5
              className="profile-name"
            >
               
              Batman
               
            </h5>
            <p
              className="profile-position"
            >
              Bruce Wayne
            </p>
            <div
              className="profile-overview"
            >
              <div
                className="profile-overview"
              >
                <div
                  className="row"
                >
                  <div
                    className="col-ms-4"
                  >
                    <h3>
                      DC Comics
                    </h3>
                    <p>
                      Primera aparici√≥n: 
                      <br />
                      Detective Comics #27
                    </p>
                  </div>
                </div>
              </div>
            </div>
          </div>
        </div>
      </a>
    </div>
  </div>
</div>
`;

exports[`Pruebas en <SearchScreen /> debe de mostrar un Error si no se encuentra el hero  1`] = `
<div>
  <h1>
    Search Screen
  </h1>
  <hr />
  <div
    className="row"
  >
    <div
      className="col-5"
    >
      <h4>
        Search Form
      </h4>
      <hr />
      <form
        onSubmit={[Function]}
      >
        <input
          autoComplete="off"
          className="form-control"
          name="searchText"
          onChange={[Function]}
          placeholder="Find Your Hero"
          type="text"
          value="batman3423234"
        />
        <button
          className="btn m-1 btn-block btn-outline-primary"
          type="submit"
        >
           Search...
        </button>
      </form>
    </div>
    <div
      className="col-7"
    >
      <h4>
        Results
      </h4>
      <hr />
      <div
        className="alert alert-danger"
      >
        there's no hero with 
        batman3423234
      </div>
    </div>
  </div>
</div>
`;

exports[`Pruebas en <SearchScreen /> debe de mostrarse correctamente con valores por defecto 1`] = `
<div>
  <h1>
    Search Screen
  </h1>
  <hr />
  <div
    className="row"
  >
    <div
      className="col-5"
    >
      <h4>
        Search Form
      </h4>
      <hr />
      <form
        onSubmit={[Function]}
      >
        <input
          autoComplete="off"
          className="form-control"
          name="searchText"
          onChange={[Function]}
          placeholder="Find Your Hero"
          type="text"
          value=""
        />
        <button
          className="btn m-1 btn-block btn-outline-primary"
          type="submit"
        >
           Search...
        </button>
      </form>
    </div>
    <div
      className="col-7"
    >
      <h4>
        Results
      </h4>
      <hr />
      <div
        className="alert alert-info"
      >
        Search a hero
      </div>
    </div>
  </div>
</div>
`;
